------------------------------------------------------------
TimeQuest Timing Analyzer Summary
------------------------------------------------------------

Type  : Slow 1200mV 85C Model Setup 'CLK'
Slack : -3.988
TNS   : -76.399

Type  : Slow 1200mV 85C Model Setup 'clock_divider:U0|temp'
Slack : -3.437
TNS   : -172.831

Type  : Slow 1200mV 85C Model Hold 'CLK'
Slack : 0.017
TNS   : 0.000

Type  : Slow 1200mV 85C Model Hold 'clock_divider:U0|temp'
Slack : 0.435
TNS   : 0.000

Type  : Slow 1200mV 85C Model Minimum Pulse Width 'CLK'
Slack : -3.000
TNS   : -52.071

Type  : Slow 1200mV 85C Model Minimum Pulse Width 'clock_divider:U0|temp'
Slack : -1.487
TNS   : -104.090

Type  : Slow 1200mV 0C Model Setup 'CLK'
Slack : -3.694
TNS   : -64.869

Type  : Slow 1200mV 0C Model Setup 'clock_divider:U0|temp'
Slack : -3.232
TNS   : -155.280

Type  : Slow 1200mV 0C Model Hold 'CLK'
Slack : 0.021
TNS   : 0.000

Type  : Slow 1200mV 0C Model Hold 'clock_divider:U0|temp'
Slack : 0.388
TNS   : 0.000

Type  : Slow 1200mV 0C Model Minimum Pulse Width 'CLK'
Slack : -3.000
TNS   : -52.071

Type  : Slow 1200mV 0C Model Minimum Pulse Width 'clock_divider:U0|temp'
Slack : -1.487
TNS   : -104.090

Type  : Fast 1200mV 0C Model Setup 'CLK'
Slack : -1.053
TNS   : -15.064

Type  : Fast 1200mV 0C Model Setup 'clock_divider:U0|temp'
Slack : -0.874
TNS   : -37.362

Type  : Fast 1200mV 0C Model Hold 'CLK'
Slack : -0.179
TNS   : -0.179

Type  : Fast 1200mV 0C Model Hold 'clock_divider:U0|temp'
Slack : 0.175
TNS   : 0.000

Type  : Fast 1200mV 0C Model Minimum Pulse Width 'CLK'
Slack : -3.000
TNS   : -38.046

Type  : Fast 1200mV 0C Model Minimum Pulse Width 'clock_divider:U0|temp'
Slack : -1.000
TNS   : -70.000

------------------------------------------------------------
